2.584   ROB|req_ready   req_ready   clk clk 10.000  -3.174  3.092   1
2.845   ROB|mem_req_ID[1]   mem_req_ID[1]   clk clk 10.000  -3.444  2.561   2
2.846   ROB|mem_req_val mem_req_val clk clk 10.000  -3.439  2.565   3
2.847   ROB|mem_req_addr[8] mem_req_addr[8] clk clk 10.000  -3.437  2.566   4
2.859   ROB|mem_req_addr[7] mem_req_addr[7] clk clk 10.000  -3.439  2.552   5
2.860   ROB|mem_req_addr[2] mem_req_addr[2] clk clk 10.000  -3.421  2.569   6
2.865   ROB|mem_req_addr[1] mem_req_addr[1] clk clk 10.000  -3.448  2.537   7
2.867   ROB|mem_req_ID[3]   mem_req_ID[3]   clk clk 10.000  -3.438  2.545   8
2.869   ROB|mem_req_addr[0] mem_req_addr[0] clk clk 10.000  -3.442  2.539   9
2.873   ROB|mem_req_ID[0]   mem_req_ID[0]   clk clk 10.000  -3.438  2.539   10
2.875   ROB|mem_req_addr[6] mem_req_addr[6] clk clk 10.000  -3.450  2.525   11
2.882   ROB|mem_req_addr[3] mem_req_addr[3] clk clk 10.000  -3.404  2.564   12
2.882   ROB|mem_req_addr[5] mem_req_addr[5] clk clk 10.000  -3.450  2.518   13
2.892   ROB|mem_req_addr[4] mem_req_addr[4] clk clk 10.000  -3.445  2.513   14
2.897   ROB|mem_req_ID[2]   mem_req_ID[2]   clk clk 10.000  -3.412  2.541   15
2.911   ROB|mem_req_addr[9] mem_req_addr[9] clk clk 10.000  -3.408  2.531   16
4.201   rsp_ready   ROB|req_ready   clk clk 10.000  2.900   7.732   17
4.596   rsp_ready   ROB|ROB_dmem|ram_cell_rtl_0|auto_generated|ram_block1a16~reg0   clk clk 10.000  3.017   7.326   18
4.596   rsp_ready   ROB|ROB_dmem|ram_cell_rtl_0|auto_generated|ram_block1a1~reg0    clk clk 10.000  3.017   7.326   19
4.596   rsp_ready   ROB|ROB_dmem|ram_cell_rtl_0|auto_generated|ram_block1a17~reg0   clk clk 10.000  3.017   7.326   20
4.596   rsp_ready   ROB|ROB_dmem|ram_cell_rtl_0|auto_generated|ram_block1a15~reg0   clk clk 10.000  3.017   7.326   21
4.596   rsp_ready   ROB|ROB_dmem|ram_cell_rtl_0|auto_generated|ram_block1a8~reg0    clk clk 10.000  3.017   7.326   22
4.596   rsp_ready   ROB|ROB_dmem|ram_cell_rtl_0|auto_generated|ram_block1a3~reg0    clk clk 10.000  3.017   7.326   23
4.596   rsp_ready   ROB|ROB_dmem|ram_cell_rtl_0|auto_generated|ram_block1a0~reg0    clk clk 10.000  3.017   7.326   24
4.596   rsp_ready   ROB|ROB_dmem|ram_cell_rtl_0|auto_generated|ram_block1a7~reg0    clk clk 10.000  3.017   7.326   25
4.596   rsp_ready   ROB|ROB_dmem|ram_cell_rtl_0|auto_generated|ram_block1a14~reg0   clk clk 10.000  3.017   7.326   26
4.596   rsp_ready   ROB|ROB_dmem|ram_cell_rtl_0|auto_generated|ram_block1a31~reg0   clk clk 10.000  3.017   7.326   27
4.596   rsp_ready   ROB|ROB_dmem|ram_cell_rtl_0|auto_generated|ram_block1a30~reg0   clk clk 10.000  3.017   7.326   28
4.596   rsp_ready   ROB|ROB_dmem|ram_cell_rtl_0|auto_generated|ram_block1a29~reg0   clk clk 10.000  3.017   7.326   29
4.596   rsp_ready   ROB|ROB_dmem|ram_cell_rtl_0|auto_generated|ram_block1a28~reg0   clk clk 10.000  3.017   7.326   30
4.596   rsp_ready   ROB|ROB_dmem|ram_cell_rtl_0|auto_generated|ram_block1a27~reg0   clk clk 10.000  3.017   7.326   31
4.596   rsp_ready   ROB|ROB_dmem|ram_cell_rtl_0|auto_generated|ram_block1a13~reg0   clk clk 10.000  3.017   7.326   32
4.596   rsp_ready   ROB|ROB_dmem|ram_cell_rtl_0|auto_generated|ram_block1a6~reg0    clk clk 10.000  3.017   7.326   33
4.596   rsp_ready   ROB|ROB_dmem|ram_cell_rtl_0|auto_generated|ram_block1a26~reg0   clk clk 10.000  3.017   7.326   34
4.596   rsp_ready   ROB|ROB_dmem|ram_cell_rtl_0|auto_generated|ram_block1a25~reg0   clk clk 10.000  3.017   7.326   35
4.596   rsp_ready   ROB|ROB_dmem|ram_cell_rtl_0|auto_generated|ram_block1a12~reg0   clk clk 10.000  3.017   7.326   36
4.596   rsp_ready   ROB|ROB_dmem|ram_cell_rtl_0|auto_generated|ram_block1a24~reg0   clk clk 10.000  3.017   7.326   37
4.596   rsp_ready   ROB|ROB_dmem|ram_cell_rtl_0|auto_generated|ram_block1a23~reg0   clk clk 10.000  3.017   7.326   38
4.596   rsp_ready   ROB|ROB_dmem|ram_cell_rtl_0|auto_generated|ram_block1a11~reg0   clk clk 10.000  3.017   7.326   39
4.596   rsp_ready   ROB|ROB_dmem|ram_cell_rtl_0|auto_generated|ram_block1a5~reg0    clk clk 10.000  3.017   7.326   40
4.596   rsp_ready   ROB|ROB_dmem|ram_cell_rtl_0|auto_generated|ram_block1a2~reg0    clk clk 10.000  3.017   7.326   41
4.596   rsp_ready   ROB|ROB_dmem|ram_cell_rtl_0|auto_generated|ram_block1a22~reg0   clk clk 10.000  3.017   7.326   42
4.596   rsp_ready   ROB|ROB_dmem|ram_cell_rtl_0|auto_generated|ram_block1a21~reg0   clk clk 10.000  3.017   7.326   43
4.596   rsp_ready   ROB|ROB_dmem|ram_cell_rtl_0|auto_generated|ram_block1a10~reg0   clk clk 10.000  3.017   7.326   44
4.596   rsp_ready   ROB|ROB_dmem|ram_cell_rtl_0|auto_generated|ram_block1a20~reg0   clk clk 10.000  3.017   7.326   45
4.596   rsp_ready   ROB|ROB_dmem|ram_cell_rtl_0|auto_generated|ram_block1a19~reg0   clk clk 10.000  3.017   7.326   46
4.596   rsp_ready   ROB|ROB_dmem|ram_cell_rtl_0|auto_generated|ram_block1a9~reg0    clk clk 10.000  3.017   7.326   47
4.596   rsp_ready   ROB|ROB_dmem|ram_cell_rtl_0|auto_generated|ram_block1a4~reg0    clk clk 10.000  3.017   7.326   48
4.596   rsp_ready   ROB|ROB_dmem|ram_cell_rtl_0|auto_generated|ram_block1a18~reg0   clk clk 10.000  3.017   7.326   49
4.614   rsp_ready   ROB|ROB_rdy_st_drdy clk clk 10.000  2.909   7.386   50